CREATE EXTENSION alex;
CREATE TABLE tst (
	i	int4
);
INSERT INTO tst SELECT i%10 FROM generate_series(1,2000) i;
CREATE INDEX alexidx ON tst USING alex (i);

SET enable_seqscan=on;
SET enable_bitmapscan=off;
SET enable_indexscan=off;
SELECT count(*) FROM tst WHERE i = 7;
 count 
-------
   200
(1 row)

SET enable_seqscan=off;
SET enable_bitmapscan=on;
SET enable_indexscan=on;
EXPLAIN (COSTS OFF) SELECT count(*) FROM tst WHERE i = 7;
                QUERY PLAN                 
-------------------------------------------
 Aggregate
   ->  Bitmap Heap Scan on tst
         Recheck Cond: (i = 7)
         ->  Bitmap Index Scan on alexidx
               Index Cond: (i = 7)
(5 rows)

SELECT count(*) FROM tst WHERE i = 7;
 count 
-------
   200
(1 row)
